<?xml version="1.0" encoding="utf-8" ?>
<result>
	<row>100</row>
	<row>101</row>
</result>