
<html style="background-color:#edecec">

<head>
    <meta charset="utf-8">
    <meta name="robots" content="noindex,nofollow">
    <meta name="generator" content="Matomo Analytics">
</head>

<body style="color:&#x23;212121;font-family:-apple-system,&#x20;BlinkMacSystemFont,&#x20;&#x27;Segoe&#x20;UI&#x27;,&#x20;Roboto,&#x20;Oxygen-Sans,&#x20;Cantarell,&#x20;&#x27;Helvetica&#x20;Neue&#x27;,&#x20;sans-serif; line-height: 24px; margin:0 auto; max-width:1000px; background-color:rgb(255, 255, 255);box-shadow: 0px 0px 5px 1px rgba(0,0,0,0.75);">

<a name="reportTop"></a>

<table style="width:100%; background-color: &#x23;3450A3; color: &#x23;fff; padding:10px 0; margin: 0 0 25px 0; height:64px;">
    <tr>
        <td>
            <a style="color:&#x23;212121;font-family:-apple-system,&#x20;BlinkMacSystemFont,&#x20;&#x27;Segoe&#x20;UI&#x27;,&#x20;Roboto,&#x20;Oxygen-Sans,&#x20;Cantarell,&#x20;&#x27;Helvetica&#x20;Neue&#x27;,&#x20;sans-serif;; font-size:16px;padding:0 15px;color: &#x23;fff;height: 22px;display: inline-block;vertical-align: inherit;" rel="noreferrer noopener" target="_blank" href="http://example.com/piwik/tests/PHPUnit/proxy/" style="lineheight:17px">
                                    <img src="http://example.com/piwik/tests/PHPUnit/proxy//plugins/Morpheus/images/logo-email.png" height="20px" width="auto" alt="Matomo,&#x20;free&#x2F;libre&#x20;analytics&#x20;platform" />
                            </a>
        </td>
        <td align="right">
                        <a style="color:&#x23;212121;font-family:-apple-system,&#x20;BlinkMacSystemFont,&#x20;&#x27;Segoe&#x20;UI&#x27;,&#x20;Roboto,&#x20;Oxygen-Sans,&#x20;Cantarell,&#x20;&#x27;Helvetica&#x20;Neue&#x27;,&#x20;sans-serif;; font-size:16px; padding:0 15px; color: &#x23;fff" title="View Web Analytics reports for Site 1." target="_blank" href="http://example.com/piwik/tests/PHPUnit/proxy/index.php?module=CoreHome&action=index&idSite=1&period=week&date=today-date-removed-in-tests">
                Dashboard
            </a>
                    </td>
    </tr>
</table>

<div style="margin:0 20px;">

    <h2 style='color:#212121;font-family:-apple-system, BlinkMacSystemFont, &#039;Segoe UI&#039;, Roboto, Oxygen-Sans, Cantarell, &#039;Helvetica Neue&#039;, sans-serif; color:#37474f; line-height:30px; margin:25px 0 15px 0;'>
        Hello,
    </h2>

    <p style='font-size:15px;line-height:24px;margin:0 0 16px;color:#212121;font-family:-apple-system, BlinkMacSystemFont, &#039;Segoe UI&#039;, Roboto, Oxygen-Sans, Cantarell, &#039;Helvetica Neue&#039;, sans-serif;'>
                Please find below your week report for Site 1.
                <br />Mail Test report (each in period)
        <br />Date range: January 2010
        <br />Sent from http://example.com/piwik/tests/PHPUnit/proxy/.
    </p>

    
    
<h2 id="Actions_getPageTitles" style=" color:#0d0d0d;font-family:-apple-system, BlinkMacSystemFont, &#039;Segoe UI&#039;, Roboto, Oxygen-Sans, Cantarell, &#039;Helvetica Neue&#039;, sans-serif; font-size: 24pt; font-weight:normal; margin:45px 0 30px 0;">
    Page titles
</h2>

            <img alt=""
                                    src="data:image/png;base64,iVBORw0KGgoAAAANSUhEUgAAArwAAADICAIAAACF9KXqAAAgAElEQVR4nO3deXgkd3kn8Leq+pLULam7pW5dc0iaw3N67Bl8D8bGhCuxY0hwDHHI8rCEbNjwJISEDUkeZUOCSciysDnAiUk4DNgJl0MSIAFshsPGHjy2Zxx7bFlz6ZZa99FHVe8f1VMq1dXVVdVdh76fxw/0UfWrt6t6VG//TqZcLtNlg4OD0uPh4WECAAAAuCwkPRocHJQnCoqnAAAAsMWx0iOkCAAAAGCArb4JAAAAgLx5Qk7eNjE6Oip/a3Jysqury6DEpaWleDzOMIxTIdbqPX/xOBG96mj2F27d6VYM47d/w61DQ/10fvKWUE+L21FYVy6XV1ZW4vG424GAM9bX1zmOC4fDbgcCDuB5fn19vaXF639hlDUNg4ODNnszFAoFeedKt5wZnnc7BAia4rlFt0OwpVwu5/N5t6MAxxQKhVKp5HYU4AxBEAqFgttRVLeppkEzXejt7TV4qra8vNzV1RUKaddhNEw0Gunp6XHr6ONERJT9b0f6fuMat2JwxMTEBMMw2WzW7UBcdvLYfUSUKMcy7n2p7CsWi6urqy7+uwBnlcvlWCyWTqfdDgQcsLa2ViqVvP/Pc6OmIWDDJXhBKJYEd2MIp5rcDQCcVZxZdTsEAAA3KWsa5E/rl0OcfnG6TiX/0d/8QHwwPr3y2NOjydZYnQ5kIH/3V4mIrspO8Px03T5pY+TmFoiY6cWt3mE29DvXlT762MT9T83dtlN68eDuTvciAgBwwUbSEKRqBtHCct6VpKGiJDCoaQgKXEoAAAr2kMvFZVf7fJUE6mx2MwBwDpPBpQQA8FjScMfrrhP/c6S0BXeTBo5hEpG6HsGpEwUGxJPMtFQuZXlh3dVwAADc5KGk4Y7XXff1bz4m/ufI7XBptWi/EMuY5gjDVU5vPe7u4ukyKNz4oHVNOKTkz8EU0ORxHS9T8W0UptAXEgC2Lg8lDXLi7dAkvVvF8qqbY17l1Qw1fRwzpIzBMsdDUpfvbApo8qB1KnbjI8wiaQCArcujSYMj3E0aqDXq5tG9pJF5Q72V59A8AQBbl8tTMEnEm4r4v+I9Rv6/dPlHpPzeI39Fev3K2z8qbVAoCj//hpu+9m8/kN5V/BJVl6Z+Xf6WXjnyHaW3mPaY9Ir8dXUhinc1H+sdpSr5OZQfVzMkaQP1IYw/Qk3sn3a98GyeZ73AxKfiSFokDQCwlXkladC8UZHhTVTqAyG9Lk7SMNDX9jPX9X/yn0+NTS+Hm9pM3pLldw7NO5mZ2zlJkzQcyTBpjdGeJgtxlt4n1XtqvjQLH6FOp91+kManhYg+tPjgH7TeJfzLi/TWg2ZiAAAIHq83Txj8udd7q1jk2y83DYRjSflm8t/cNf2IV7yuV9++sU1RYNqbjO9D6kLUtQKOMDiHtd71TZ4Hg70cOe2K49bjPKvjmS0vGWwPALAVOFDT8Kbf+qrqtTN6G3/lY3daPpCiqUJPOMTGopXPFWlqN9iypttzbffyQom0RvbrpRrGzQGeYvI8GFT11/G0G+5lfJ6rfrtyQiVpKAtlhnVtEVcAABc1unliaGhoaGjI8u7ytme9P+5NsTB7eWHusH7SUGu1fG238HDoTb94s3oXb+YBNTH5Ecx0+yAbp13R8cVakJp76X271qjSr7acW2M6MNcTAGxFDiQNX/nYnUNDQ/39/eLTiYmJTCbDstoNHyMj9g+o0ZVPriW2sbp8ONaqWUK9f8eziUitq4Orf/IGjxeqT6qeZ+NvFxGVZ1YJSQMAbEnO1DTIKw/Onj07MDBQj6WxTd5yWpo3JkgIbU4aDNrOxQcGPfCrdpST+7dHv6H581evEPUNzPzN1U7rht7nVbB8HozZPO0G1QwWzrP5D1KeXTP3+QAAgsYroyfMUPzFV9w86PJ4y0SzvKYhYbyL+qmZx1Ttpr5YXqnpI9REfVO0n3MoHps8P7V+hHqfdoMD2dxFPOGVoTE5JA0AsEUx5XKt9ehVmKlpqNPS2OKQy19+4/49O1Li47WFsQ+9783RCGe5zFp/SYv3ldA7j3Cv7rd80KrqV8+vKDk3lyNiUslkPY5lPgzXyZMG9rUD4V+9kny4NHaxWBwZGdmzZ4/bgYAzRkdHY7FYOp12OxBwwNra2tjY2ODgoNuBVOH1IZfmiVnCju5Ea0uUiP73/7iJiJraeuaXapuNx2AsX1WVX6KHO6nOKykHr9+DndNeb1I84Q/eSETCt152OyIAAHf4qXnCjHyRb9s8f/PCUj6bbjFfgqJu3EoQBZ5J1zdpIP0WfZ9y4LTXx6aTXP/LCgDgZe4kDfWr1+1obz66r4uVDaNvbonUerjh4WFrRz9JREQxYvZeuz0Ur++62GQjTvNlTkzwDMNks42oh6/Hx7FPHhXf136KiIgO9KeZUHBq6QAATAraH77WeITdPPHOzFyjlyXkmsOcrDMmBAbXVLms+YlldyMBAHCFOzUNpUuP1qnkBM0qCp8ZO1e6NFOnw2kKxZb5se838oj1w+ZyDDGlYqM7Qnrc2jM/CFENbV4uCvXd7HYIABAcQatpSLYoP9HsktDgGELt1gdrgC8UpotuhwAA4IKgJQ2puPITzS03PmkIWvdSUCjOlNwOAQDABUFLGtrjypWEhHJ5Zb2heUM47U7SsPfmd5jZRvyvYQd18Fje4bWahkCeZADwINeSBunu5cg97C1/mSOi3d1sZ+vGJ3rofSkimpgvTy7weodw8K/t0z//AhE1H4xF0h7tBbn35ne88Oinxf8ac5sRj0j659k4jLoGae0bOPhn24ho7j8X7RzX8r56GnZBAWCLc7MiXbydiKS7ix35InW2avQnELs1OHKIqsqFcrjDsbNav5gbcCrsB1/vIC18A8MddjPC+l3QxnzDAWAr80rzhCM/leJNTCSkbJ4goukFwalDVMWvC5GMR2sawIDJr0f4ci9XodDovjIAAK7zaJc9+Z9vxc9B+WaK31U/fOwkveVWdWkzlwdQGP8a0zyouL30lqKyXV3UU8Mv7YsM6JWvuDNpfjT5oY2PRSaq/TVLk85DrSEZH1SxjflfvXphyAtRX3r1ITS3t/bjW++c7HvNOx9K/h4Rvfq17x8T5gwOpxeecZCKd9WP9QIjVDYAQP15MWlQ/OGT/7nUvKXtvfkd4vqWd7/xWs0/mlML1X8U6h1U/Zi0/sTvvfkd4r3khpsPGOclVT+a9LjqPcDghJgvzTikXC7HEKN3NmjzPcwOg/Nv4aAGAdsJRnwgdl75+kf/+BW//Zt2DmdhL+PTAgBQb15pnpD/+dP7SV319VSc1axknpWNutSrhTb446v+PWcQQzgZMqjoNvPRTNaTmzkhZkqrqRBX+ljUelD759PMOZEGUOgdTnFc4/u9Okh17YsaMgYAaDAHahqWPh6TP+0mWtPfOPHejTUnDSpaa/r9KtU0fPjj9//e6E/VG8ws8vKnBr+5zR9Uva9Y0/Dxf/ra1z//uOVyHOHIr/8G9P+oH5PB2/kGyqdqsHau9JJXg2YXeUZi4YgAADY1unliaGhoaGhIfGy+Dt+4zBce/bQ45PLTH/m1A9s0OiFyHBOKxBW72KwAV8cg1lp/4Pd/6c9f9Ws17es4R+4oYiFi80Qy5bNppE2eATvfwMLUxlQNeuUo+o5YC1JzL6QOAOAKB5KGxHvXh4aG+vv7xacTExOZTIZldRo+5kaMS7NQAS5mDDs6mY5W5UEfel/qLX+Zyy2Vw03tzh5UoTJJwxUxt2Z2AqdU/TLsunf7Sx+4MP/9pQbEYNyahj4NANBgzvRpGBoaevtld9555z333PN2HVI1g0ny7uWKFmLpdfFBoViZQ1rzj2ykOa14xaDB2EI1g/iAX+MjneFaSzBu/Da/l+brtQZjXIjeQS0USLY/qbo0vWPZbHhSFBvObMoLjQ9nUM2gt5dBnYSv24wAIAA897NY8cdU/lTvsejFl4YP3vo3pFNnG2nWqGDX67Nmsuuc2svDE2++689KJNT6+0/x0aq+rvmu3smxXA2uWYjxVVDsbtzXz3xgmgc1+VWp6UBmig0R+4Xk+4koRmE7h7Owl/EuqHgAgHpjyuWysyWePXt2YGAgFDJKRxxZGlv6Eyk2T1y7O/y+2xPqzcR3bzsUedfPxNXvOkVqnth97476HaXx7PRpqN89zPW7o3i5f2fh/v/43p+7GIaC5mmRL41dLBZHRkb27NnT2LigXkZHR2OxWDqtrEYFP1pbWxsbGxscHHQ7kCq8MuTSDOM6/KRqfUu56YYskB1Keq7mxkWWK2w8S/Fx/ukjf+hWJGquJ1IAsBX46SZnXFefajFKGqYWeIN3nRJG0rCZXou+T0nfQHF4bXHKK2tdBukkA4CXuXOTk1eZ1mR4eFjr5a8SUWbngVDfNr13pxbKbM8rWVZjZQqHvEBEscE9ob4jdTuEC4TQBMMwoWzWcgk6l8yWepRZ06FPHruPiIrLmVDfjW5FIufiCQGALcVPzRPGMskmg3d5gXILBpNOOSOcban3IcA7pr90xu0QAAAayp2ahqUnx5wq6u0PPE5E2Xik6eLSUq6g3uAzb7tW3Obcjy9EM61OHVfu7Lu/QUTRHW2l+byDH80L8rkcMcxSshGNO16TONaj99YVn/3553/la40MBgDACwJS01Dky21NEeNtZpbzdY2htFoIJWPVtwP/i3RXxumUBYcHHwEAeFlAkoZkc4Sr1l9hZqW+SUO5KITbkTRsCaFEVHxQWqrvlwoAwFOCkzRU3WZ2Rdl4ceSu4w7GEG6LMZyT59PZ8ECTtZPMhCoXujBax8mkAQC8JiBJQ7uZpGFVo8eDeVXvLiFHqxmO3HX81IMnDI5rHE9dE44jdx2X/1e/A6mP63iZpx48YafY/DiSBgDYQgKSNKRMJA1z9pIG8RZuIJSMOXVXkzIGy2zubqZ86b+G5Q11+lB2PkIBSQMAbCUBSRo6WqJVt5lbLfD17LYWThmN+QywRuYNXlOcXHE7BACAxnFzBkP5nUb+I1J6XfHLUv26OJaSiN77p+957L4vSpspbmNX3v5RIlot8rMr+Z9552uqRqU+rligur3g1IMnxPGWRPT7n71XHaQ6Znl4mj+da6pmUH9Y6bjyI8p3kX8WzYPqnX/zISmC0QtD73BVL0HVvTQf6wVGOufEjKkvnt72vhtq3QsAwKdcSxoUf6Plf9nN3wZEiSj3rY9/1mCDI3cdF/OGOz/wboPbmLWwxRmFQ93xj/3KX1z/gds1P5Rx/DbpnUm9p+ZLO3LX8e/+7dcdCUYvDGunxcJexqfFgn1fePN/vfXLdkoAAPAdrzRPaN5apN/Q6tdJduMRhHIiFpL/4Na7H3zkt//CTCTyO6vx3UV6i1/Oh9Obmif0PotBeNYYlFbrrVEd862/fkdNe9VUd6J3iowvgcGJlW9gnB7ZvwSRnsqiqZiqAQC2DgdqGsR5+OWepkf0Nj765LvEB3pV9BZ+/afjMZYxtajEtO2pGvTCLpcELl69X4X3mTz/BlX9NV1Ba50hNPcybnYxbhKygLvc97aYW410YPpwANgSGt08MTQ0NDQ0JD6WVxgY/1Q1lm6pPnRCZHIAhXT70fyJrBl2JN3M1HE1rMZRfN5cLmdmM0mtrSF65Zi5BLXSvHCWSZc7P7aEpAEAtggHkoajT75raGiov79ffDoxMZHJZFhWp+FjRPmCZsNETdImhk6I5tdsjbqUk8Ku9GkwXC5ri3C2r4bNGPRaKOx/3xSKEyt02JGSAAC8zpk+DUNDQ2+/7M4777znnnverkOqZjCoYZa/otfITbIfix3NETJ3G/jxc2eEctkgAEUk6gL19lKPt6ypb0TVSNRhmClN87ypyTtbKLYx06dBj16xBodTtHroVTPo7WVQJ2GtHcSMwgSmagCArcK10ROntAYKmnxdcW/48Kf+5H9NnDZzE+3t7j96963lckl9IMthi0MuQ+kmdZDWOj+qb5bqUGstTfFY/Sn0buQ1jZ4wWazB4Ux+Lgt7Ge9ip+KhML1qbUcAAN9hymWH+36fPXt2YGAgFDJKRxxZP1qcpCHTEnn3TbsGOxImt//wzx7qaWu2f3SRmDFEtremXrur9ajuSsq1ql89f60l53I5YphUMuluGPWmGY/B0tii+R9eGH7vN0nWvdfjisXiyMjInj173A4EnDE6OhqLxdLptNuBgAPW1tbGxsYGBwfdDqQKrwy5tGy5UOpqraE/wYxq2Sr7hPVSpMOxRISCOMeiIy01dWI5nmhv9VQVACBI3JwR0hEcy7ZEavgUNleg0MQvF8KdDvef12vR96n6TVNhk52THO2qJA3lkiCtewkAEGDuJA1VK35NeYCIqCubMFvaA0REK8moM0eX4WLh9lfucLZMIhoeHna9zJUJlmGYRDbb+EM3hp2omAgnPihMr0S7UesAAMHn+59Hncna2gVyC+uOxxDpijteJnifNFVDYXzZ3UgAABrDnZqGsScdG6XWXAjVVNr4hWUHjy4SYjHHy/SIXC7PMMQnvf7peo65+UO/MImkAQC2BN/XNKRaYjVtv7xeEJweMMKlMSHgloakAQC2CN8nDckak4a1YqlQKjkbA5KGLa40s+Z2CAAAjeDFpOH4XUeqbvOeB/6TiLKtzR1x7fGW6kL+6m23EdHk4urssjPdGsbf/UUiCg2kuVSLmZjBJg+e5N1//QYimvrSabcDAQBoBPeThuN3HZH+q3XftUIprZM0GJhftbvWpVx5vfSrH77nxIOnSP+uZvzR6novlJ/eRt5063GsEw+e8lreEOltdTsEAIDGcXmehuN3HRFvt5pPq4qFQ5EQV+tB51drqGmoGtLkxYtf+Idv1RqDXE0f2Wb5tZ5hRw7qbLEN+whmRHsqHTCFfImN+n7WEwAAY27WNKj/+td6M2hvNru+pZyzNQ0FKrKxsIMF1pUHf6z72saoy6kVdyMBAGgA134bVf29KL+3KX4rE9GVt3+UNveClLZXF6s41ue+8YV7/+zL8i3VwYiviGUalExEOw/sN/gUemXKC5QfXXFH1/xhrbm9tR/fxidZ/Zb6cAanzuRemo/1AiPvVTaICpMrsW1tbkcBAFBfHq1Q1Wu2kB6IHSGTzTH19lWbPG656ed+7YN/qPmWgpn7E1fL7FLGsamfmi/Nwn206kkmolwud8ev32rncBb2stlo5YrCBEZdAkDwud8RUpPmTUJ987jv8/eqX696v1nJF3lBIIfq6rlUDeMtDW5+td4a1Z/azGeR72XyJBsfTnFc4/u9Okh17Yua9zMGIipOo3kCAILPgZqG+46dVLzyCD2tt/G7njxq51jS3UVsniiuzhtvrHm/KZSEtUIxHrPSH0KNSzm5vmVNTGY8BlX9NeVM1hIszb2Mm13kGYmFI7qiOLPqdggAAHXX6OaJoaGhoaEhy7vL2yb62uN/9OHPGG+suDM9/fDvXHn7Ry/NLeVW8jaTBnGShjPF88dTt9gpxw6T91S9zWptDdErRzrPmlmatRu/vGeDx1OHPX/3c2f/+79MP3hm+/tvdDsWAID6ciBpeNeTR4eGhvr7+8WnExMTmUyGZXUaPkYq/2+/O9t6sVR1Dmm9o8yvrm9POzDCPkZhtpbmCe/wQkcBddWCgrqPhQdJoy4BAALPmZoGeeXB2bNnBwYGQqHqJavv6Ma3B8X2zdHwLW+9+sSDp9R99dXt6NLNSaylmF/LGxzOfD18ExsLyZonqg52MKA34kAvtlrPnjG9YqVekMaHM6hm0NtLnSjY6dTpoki2ssYpv1bkmnwz+BYAwAKXR09oDkGsur3YoeHZMz9W3LT0ClHfuj7x+b/+4Avf1NxdXZpBydv7d73yl48a9/Uzf//TPK7J2Go6kPliv/6331XkDbUezsJexrt4NqXIjy01D6bcjgIAoI6YstNLPpqpabC5kLRYW3B8d+9d1+yztu8Ngz1vvc7s/AqaxD4N0St773jkN+t0D/PC3VEccul6GHKap8XdpbFPHruPiHZ94nVtN2x3MYyqisXiyMjInj173A4EnDE6OhqLxdLptNuBgAPW1tbGxsYGBwfdDqQKjw65NKO9ubb1LeWW8kVHYuDamxwZt+kp8o9zx6/f+vAnv+tiMApeSKT0FKYxgAIAAs6jkzuZkbSRNKwVirwgcHq9NU0TZ3ay36nTUxTNE+4GI+fxk1zCqEsACDpl0iDWjQwPD9f1qHYrkx8gItp1dbJnV+3lPEBExDWzLXsiqfaaV8iUjBMRUfrqdPpYgupzxup9FcwcemJigmGYbNYTAwRcPCFmFGfX3A4BAKC+Nv3UHhwc9PjfZSJ60299lYh2bWvrrGX+ZslXPnYnEb1wLjczb/13odiG3XK0K5L15XhLcNbef7iDiKYfOuN2IAAA9bUpafB+xiBZL/AdNuoJiGhmoYYFsjUJ66VItyd+goO7or2VOT/KgsPdigEAPMWvHSHbEjGOsxX8nP2kYa0UyaCmASicquSv/HLB3UgAAOqqekfIhYUF+dPl5eXWVqO5FEul0srKiu6MkA6JN3FLS7bGbU7OLOiW8OlOIqKDv0HXDBmUwCYiy2vayxR98ZazdmLznktuB+AJr//0jvZ+o9nH516aiO327lQNpVKJ53mb/3DAOwqFAhHhggZDPp8vlUrev5rVk4axsTH505GREeOBpIVCYWxsrN5JQ4gpKgKr1cT0gl4JPUREJJz51ETfuwxKKLYoTw4E24vfH++NRgw2mHrhUqjFbg1W/QiCkM/n8aUNjHw+z7Ls8jKWZQ8CnufFu6fbgVRRPWnYt2+fwVM189NIW/UcEe3u79m7d7edEphQbO/ever3lj5eGcnJlku7+9rYli71NifpUSJK9We3aZUgLvuZ2hNLDjTtu7PDapA08r25RG+0Y4/1FpDzP5hvag9lDsYtl/DCd8fYEO25ucdyCeM/XSrl+b7r2yyXMHV6ZS1X2nHcegmzZ1cXLhYGXp20XMLZf509+/DsS/9YuPU9hzQ3EL8SnZFkRusr4RGY3ClgMLlTkPhlcie/ztOQbrPVC5KI1tZLhSIfCXMG2/ATT7KDP6v3brjTaPhGpIXb/+bO7qus95TsOWp3Sa2eo3b7abK9bTaHXHZfbTeGnqvtnwe7JYSb2LMPz1bdDFM1AECwKYdcimmO9MBrxPGWRNSRtJs0nH5pZn6xSk0yP3VS/aI43pJkKxVpWp8vZQ6im2RAdO6vXMrlSaOujuN/99OGhAMA4A7lkEs5t2Kq6oqdqYyNBanFqRqIaGa+ymw8wozuyPv4K7rDhpM0pAabuLBfB6eAnsmntduP9z3wpgZHAgDQeL68qxV5IdlqfQ5pyawqaRA7NLA7Xx+55a+IiH/5YWFJe+BAuSDEejQqvcUODduPt6KaIWBu/N1tRPSd3x/RfDfSVal2KpeExsUEANBYvkwaWuNGw97Myy1pN0+Ui6uhvpvEx/z4Y9rbFPhwh26fhtK6kL3SevdD8KDslUZZYKitksWWqrV5AQD4ly+ThmTCmaRhYSmv+TpDApe6QnzMT2q3UodSRp0q+EK54wors1yDZ6V3Vy7o4iXtr40oP47xbwAQWL5MGtqdaJsgonmdpIHrOCw9FmZPa25jnDS074yhQ0PAMCwjPph8xigtKE5pz/cFABAAvryxOdKhgYiWVzf1hBc7NHA7X89mryKi+HsWiYg//21h4WX1vuG0RkVCpUPDTa3pPahmCKDjf7CdiL73R+cMtilOI2kAgMDyZdLQYXuSBlG+wOcLJcWLAl8I9dxARAxXmfuPH9Po1hDJ6KYFfLFs3P4NPtVlop8KFsgGgADzU9Lg4CQNomdfnM6plq1i2BDbNiB/hZ98QnosTdIQ7tRNCxiGUoPORAie0ratUsU1f163t+PE/U81KhwAgEbzU9Ig2j+Q7kzarfyXpmqYnlNO4celDyhe4adOKV5JXNMT0Z+kIdEbRYeGQGJDlW4N409pLCqz70tvbmw4AACN5r97W9m5IZdEJNU0VDo07Hgdl71Kelfs1iCM/1iY27RqZblUjnQrZ0cWOzRsuymBcRMB9qo/3klEJz50Qf1WtKvylRCKfAMjAgBoHP8lDW3OZQxENLd5qgahtMp1Xy89lbo1lEZ/tGm3cjms00RSXBeyhzFDQ2BlD+vWMHHxyrelmEO3BgAIpq2eNMwvbhp1yURa2USfejN+fFPSEGrXHb4RjnJt252MEDwl0V25uLmXdDODwrhG4wUAQAD4L2lod2hmJ9HC8qaaBq5jv+Zm/Pjj8qch/Z6YbdvQoSHIjLs1iIpTWOsSAILJf7e3lEPjLUXiVA2VJSe238Z1XqXYIP4/l4moPPcCP/uc9GK4QxmD2KGh77pEei86NATcLR/aSUQ//MhFvQ2KWCAbAALKj0mDkzUNxZKwul4UHwv5ea73RsUGDBsSH5QufV96UW/VicJqKXsIMzQEXFe1PitIGgAgqHyTNGxM0tDu5E/5Z1+cmV2oNE6zzd1sc0ZvS/7iI1UnaYi0hBK96NAQcC2ZSofH6f/Snvxx8rNPNzAcAIDG8U3SIDo4mO5od6Z5QpqqYSZX+V0Y6jxosD1/6VHxQfzaHmkdZIX2/iZ0aAg8qVvD6BOLirf2f/ktDQ8HAKBxfHaH4zi2pTnibJm7vr2TiJjeV7KZo5obiN0aKD9XeV4qK5IGsUND9yvinZihYWt49b39RPSTT4wpXo9kKlVQQl45PTkAQAD4LGlIODreUq68fInrvUnzLalbQ+VpiA1pjeBYz5Ww5MQW0X2kMo8TXxTkr3NNYfFBAd0aACCIfJY0tLU4XM0g4dp3MdFWM1vqTdIQbQvFs+jQsCU0pSp55OwL2rM1FCeMls8GAPApnyUN7QlnFsVW4zJXMYyps6E3SUN6T5PU2g3BxrCXZ2s4pT1bQ2ESC2QDQAD5LGlItjmcNHxm591ExGSvYbuuM9gs/psbtc3h9KakQezQkD3SnDmAtt4WDfcAABCZSURBVIkt5LaPDBDR4/93VPNdjLoEgEDyWdKQdnRmJ0l59jlu280GG8grIRRJg2jxUqH7aiw5sYV0H61c7uKaxvJUWH4CAALJH0mDbJKGujRPFFr3MaEqJZ/93CfEB+GMRo1CrC3U0lmv/hbgQbHWSreGmec1KhWmPv9MY8MBAGgEfyQNokO7OlKOzuwkTdWwGDfboaFp+3gkrbFl9nCL1M4NW4F0uadOb+q+cPDhX3IjHACARvBT0hAJc03RUPXtTBOXnBheH5iIXWN2n8ICy52TnokdGjKHm/uuNTXyAoLktf9nkIge//imbg3SbKH8atGFmAAA6slPSUNrfSZpyIYnL5QPm9yY4UrM/EnFiyuTxe6rE07HBV4nXfT80sZUTmyYEx8UpjCAAgCCxl9JQ106DYwUBueWNfqyaeKiK/zMacWLLZlIUyrsdFzgdZF4JT+YeUGjW0NhElM1AEDQ+ClpaKtPTcPZ9b0Ly3mTG3PR5fLKaDk/L3+x60qMm9jSpk9rVCoUUdMAAIHjp6Qh2erk0AmxQ8N/rV7x/Pq+xRWzSUOoaZG/8B1++lm63KGh51ii6yrM0LBFvf7/7SKin/yVchEKQtIAAEHkp6TBqfUt5RKhxeH8bpZh55fWzWwfal4gImHiJ9Ir+aVS9jBqGrao7KHKpV+bU3Z7LM5iqgYACBofJA3iJA2Hdnd06MzfbMfO/dfyFDozPDMzZzSF38lj9xFR6w19oaZ5IuJnN7o1NKXCTUl0aNiiNro1yGZr2Hv/7UQ0/dAZd2ICAKgbHyQNFWUm2ep80sB2VQZbTpuYwk8o8qGWeSIqr04LazPii5kDWA4baOrMRmNEpAdDaQAgmHyTNDTFQpHLg9nsEzs0sNtu5XpuFF/JLZqpTGaS779ARPyF//z74+eJqPe6eOYQOjRsaW/85G4iOvnJcemV8OUqsdKS2b4yAAC+4JukIdFch/GW/DrXWZmhIbdQvU8D1xxmN88uJRQocxAdGra0zisqWePqTKVbAxOq/LMqYIFsAAgW3yQN9ZikgW0blJacMNMRMqRaYzOWCsXanJykEnxH6tYw/ZxyuASmagCAgPFN0tDu6HhLEZe9Snq8sFyoun0oqYyhYy86NECFvFuDqDiFBbIBIFB8kzSkVL/yLbvcoeHVbNd1Gy+uFHheMN4xnG4mosR717/4uR8SUc+R9cxBdGgAuv3+vUT01P0TitcxkzQABIxvkoaONqeHTjAMl94vPXvxwtzcYpUWinDnpnqF8vpCxxWoaQBK7658OVemN9VXTfz9T90IBwCgXryeNIiTNBwYSKednqSBa+sXOzRIC2RP5bQrk8VJGhLX9SqShqbweDSBDg1A4eZKt4apZytVC1d87k73wgEAqBevJw0ilmPa4s40T4htE0TEdh5RvDW7YDTqUigI0e4EXZ49mojaIo8KK8oaadjK/uN3XxYfRLowpgYAAsgfSUNzLBwOORkq2/cqrvs6xYuz80ZJA8MyodRGbUe2+7FUx3P82I8djAr8645/3Ct/Kg20Kc5hMmkACA5/JA2tLU6vb8lF2fZBxWtzi0ZT8XDxCCubXYqhcrL9ZX4cSQMQEaUGKwnl8mSBiBiWEZ8WxjHqEgCCwx9JQ3vC4aSBa98lzdAgyRk2T4TaN23f3DIdjqwiaQBRuKmSUE48tSlLwFQNABAk/kga2uLOJA2yDg2H1e/OLxvVNIRTMZJ1aGhvf4mIhIknhGWNZZFhy/ruH4zIn2JSSAAIEn8kDQ5O0kBETPe16g4NRLSyWiiWdKdqCHdsDJ3ovrpl2298SnxcunTCwdjAv970hX3qFwvTmKoBAILD00mDON6SiNJJJ6dDYMJtbFu/+vVzY4uz88pRl+J4SyIKd8rmcWIYqQ27dOkRB2MD/2rfUUltl8Y2qqymPvuMS+EAADjP00mD6IqdyU5HkwYuuYfhNq1kIU3VMK3T1z1+TXcks5E0tPZFpaH5/MVHyuUqU0nCVhCKVv41XfrJAhHt+9KbXQ0HAMB5PkgauBCbaA7bL2ejQ0PX1XrbzMxpz+8krPPh7rjUoSEtX3JicURYvGg/PAiMEx+6SETRroTbgQAAOMwHSUOiOcpxjsXJpA+Euq/Xe3dGZ6oGJsyFL6+Y1bG/OXuohYgS761MOy2Mft+p8MDXfvGfKhOTC6Uyd3ld1uIMlq0CgIDwQdLQ2uLkothMLMUktum9qzfqMtQaZaTZpQRKDmya05off9y5AMHHWvsqw3zk3Rry40suhQMA4DAfJA3OLorNpQ8wrO6CEbML2mtWhWUrXyQHY1LrtYifeaYslJyKEPyLC1e+GONPbSQKhTEkDQAQED5IGpJOJA1ShwbNwZaSOb2kIdUkdWhQL4ctTPykvDCi2gm2ru//yQXpMRbIBoDA8EHSkHKwpqGll+29yeD9fLGUL2jUGUjrW7Zui3RdtbEWkdStoTT2I8eCBD97y5cPiA/4YmVMDeZ3AoDA8G7SIJukwbFFsZloOxvvMdjg0uSyvC+kNElD6HLSwBfKyZ0a8QhTTzkVJPha27ZKt4aF85VuDdMPnnEvHAAAJ3k3aRAN9LZlnJukge06xjDaH1maqmFqVtnXveWqrmi2UrvQeaCFDTHq3fm5F8t8wak4wb+kpaomn13e/9AvuhsMAICzvJ40RKOh5pjdSRqkDg3hHa+puvG0alJIfq34+bedFx/3XduquZdw8TvC3Es2YoSgOfGnFyLdlVyzLJTdDQYAwBFeTxra4lGW1fhlb0V8G9f3yqpbzagmheRildEWbTujPceUM/ZI3Rr4iZ/YDhGC4O5/OSg+EC7/+8KoSwAIBh8kDU4Vxca72OZM1c1mVfM7hS53qmBk6wuo8dPo1gBERIluZbeGIvpCAkAgeD1pSLY6ljRw3Tea2WxG1TwhTdKQPRJXbb6hvHi+XNIesQlb09TpSq6QH0fSAABB4PWkwf7MThszNPSaShpm55U3/m99pdITs/uI0WoC/LlvCnMv1B4gBNYP7q0sSoJRlwAQDF5PGjranRlvyWSOcN3XmtmyxPOr60X165lDzV06NQ0b3RownzQQEdFb//WQ+IAnlpA0AEBQeDRpkCZpcGq8JRvrMNOhgYimcmuTuRWSTdIgYlhGWllADz/zrOUIIUji2cqCKesUI6LZrz3vajgAAM7waNIg6s3GO5xKGrLHqm4jTdUwk9voC9l8oFN80LmveiTC4vlyEUsawobEO4+7HQIAgGM8nTQkmiKRMGenBJNLTiiINQ2iE2e2iw8yh4x6QYqE89/mZ5+rJUAIuCf+fkZ8IBR5dyMBALDP00lDW8KZSRrY3uNcV/WaBol6qoaeY/HsYeU6VXKybg2P1RoeBNLb/n1Tt4Y81roEAP/zdNKQTDizVBXT1ME2dZjffjqnbGLgoqw0+N6YMP10DZFBcLV0Vro1rFITYYFsAAgEbycNbc4kDVznlTVtP6Oa3ym1y+wgDmHxHLo1gNwKxQkDKAAgEDydNKTtjbfc6NDQdU1NO05d7tNwko6KDzr3G7VNyAmjJ/ipUzUdDoJtlPqIqICZpAHA/zydNHS0OTBJA7v9NVzmSE27MAyztLKxZGXf9QnjDg0iWbeGH9V0OAiqe759WHzAE4s+DQAQAF5MGqRJGjqSTiQNzZ1MLFXTLvNL+bM3/6P0NNzMSe3TZgiTJ2s6HARVU6qyQOsKNc99c9jdYAAA7PNi0iDqTDZ1psw2ChhgOw6a31iaqkEuOVBb1wphfhjdGkBumaqP1wUA8D7vJg3trbFwyHp4ljs0SCx0aBAJM8+UxrFMNmwYp14i4tc0picHAPAR7yYNKSfGW7Lbb+M6DtspoecVicwBs0nDRreGsRN2DgqB8SvfqYzc4YnNj6JbAwD4m3eThnYnxluy8V4m2mqnhKZkSGqZNo+fQE0DEBHF2kLigyWK50cX3Q0GAMAm7yYNnU6sb8l22qpmIKLkoJXcRZg5g24NILdCcczvBAB+592kIW1jvOVGh4bsK6yVYLlDQ8XKWGkULRSwYYK6i5Mr1bcDAPCwTUnDoIxbAUnsj7dkem/m0vvtlJDqYzIHa0saNro1XELSAEREv/pIZZqQlUuoaQAAf9tIGgYHB4dl3MobpEkaMrbHW3JtO5mIlaFuHzwxLT6Id0WjiZC1o5cufKdcFqztC0ESiVdWaj3/yJy7kQAA2OTR5on2eCRluyNkrUtOiORTNaT3WU9cynNnywUsNwAbViheFspuRwEAYJ1Hk4ZUexPHWYxto0ND9/XWSpA6NHRf226tBCKi0gp/6VHru0PgTFO2tJh3OwoAAOuYcrny00dsnpDeUDw1775jAZlEmaP8v98wJXBWfhp+ZufdjscD/sXzkYe+8D23owAAqCIRmb77R68z2KB6g/0TTzwhf/r888/v32+rd6FfMFSyljEAKHBcofpGAABuWy20nTxp9Mvf+ZqGL17/zeb0HMsxFvYVTY3uyHZdam613nRy7mx3dtt6oqfN2u7lMp1/dom7Kdx0W6e1ErjScuqZ91NiW0uy21oJRJQY/eeV8HYha7GRhYiaL30lz6X4nlsslxC5+LBAoWLfG62XMP4tTlhf77vdcgnc2CMxfmal7xcsl8BM/ThRGFnsvctyCeXZU6m1M7le6xVIue82505f2dJtffaO/Dwzv7Atu+285RKKa8zszM5M74jlEohoanQwa7eEnR2Zc2zYekY+NbojmbwUifPWS7i4va11LJosWS5h+nxfS8tMS+e65RJmzvU0xebtfCVy57pC4ZXWbdYnDZsb6WS5YvuOeeslnEuXy5Tsn7VcwsL5dp6PpAemLJeweDFRKMTTA+OWS1gea1pbS3X2j1ouYXUqurKS6dhxyXIJ63Ps4mJvZvsFyyXkl9j5ue2ZPut/IgS+vJZr/6UfvsFgG+eThpMnTx45coTjOAv7gtdcvHiRZdne3l63AwEHFIvF06dPX3XVVW4HAs4YGRmJx+OdnRZ/24CnrKysvPzyy4cOHXI7kCo2micUwyytZQwAAAAQVJv6NCBRAAAAAD0eHXIJAAAAXrPRpwEAAADAwEbzhGLeaEVThZl+kZb7TipiQCuJfa5fTfSPsc/1i0iqf5Lq2eVxcU1y/Wpq/pPEv1PLtuwFNdunoQHfJ/EMemGtrGBw8Wo6NRIHPPhPEpfSMq/9k8S/U5u25gU16tMg/rGQ/695itUypUIMltDE97WuGnw1oR7wTzJIGnk1NS8lrq+zXL+gjVFlRkjLqYq8tkR8LC8KKa0rcDUDwPWLiAptB7l+NcFZW+GCbkoa1H8OHAzUO595i3DxamLOD6d47Z+khYZbkHjkampeNVxKC7x8QeunXvM0oNbadS5ezcY0rW0F+CcZJK5fzUGtnuaaL4IZXrugjekUWH3BKgsU9Sr1OAQ0DK5mAOAiBom1q4kKBs9y8IIqfq05Ep5CzZM74S9OkOBqBkAjLyK+MPVWpzOMjMEtjbygNW1gWV1qGqxVkig6juLb7BEWrib6NHiNU/8kcWW9wObVlArRexEarB4XtH6XsuYZIQ3yF+StvoOrGQC4iEGCqxkwwbugtTVP+PRDgiZczQDARQwSXM2ACeQFdWbtCTQoBAmuZgDgIgYJrmbA+PqCYsEqAAAAMAVLYwMAAIApSBoAAADAFCQNAAAAYMr/B/TUey9OMdJpAAAAAElFTkSuQmCC"
                                height="200"
                width="700"
                margin="0 auto"/>
    
    
        <p style="width: 100%; text-align:center;">
      <a style="color:#0d0d0d;font-family:-apple-system, BlinkMacSystemFont, &#039;Segoe UI&#039;, Roboto, Oxygen-Sans, Cantarell, &#039;Helvetica Neue&#039;, sans-serif;; text-decoration:none; font-size: 9pt;" href="#reportTop">
          Back to top &#8593;
    </a></p>

    <hr style=" border: 0; margin-top: 50px;  height: 1px; background-image: linear-gradient(to right, rgba(231, 231, 231, 0), rgba(231, 231, 231, 1), rgba(2311, 2311, 231, 0));">

    <p style='font-size:15px;line-height:24px;margin:0 0 16px;color:&#x23;212121;font-family:-apple-system,&#x20;BlinkMacSystemFont,&#x20;&#x27;Segoe&#x20;UI&#x27;,&#x20;Roboto,&#x20;Oxygen-Sans,&#x20;Cantarell,&#x20;&#x27;Helvetica&#x20;Neue&#x27;,&#x20;sans-serif;text-align:center;font-size:13px; color:#666;padding-top:30px;margin-bottom:0;'>
        Powered by
        <a style="color:#439fe0;" href="https://matomo.org/" title="Matomo Analytics">Matomo Analytics</a>
        <br />
        The leading open analytics platform that respects your privacy.
    </p>

        <p style='font-size:15px;line-height:24px;margin:0 0 16px;color:&#x23;212121;font-family:-apple-system,&#x20;BlinkMacSystemFont,&#x20;&#x27;Segoe&#x20;UI&#x27;,&#x20;Roboto,&#x20;Oxygen-Sans,&#x20;Cantarell,&#x20;&#x27;Helvetica&#x20;Neue&#x27;,&#x20;sans-serif;text-align:center;font-size:13px; color:#666;'>To unsubscribe from this report please follow this link: <a style="color:#439fe0;" href="__unsubscribeLink__">Unsubscribe</a>.</p>

</div>
</body>
</html>
