
<html style="background-color:#edecec">

<head>
    <meta charset="utf-8">
    <meta name="robots" content="noindex,nofollow">
    <meta name="generator" content="Matomo Analytics">
</head>

<body style="color:&#x23;212121;font-family:-apple-system,&#x20;BlinkMacSystemFont,&#x20;&#x27;Segoe&#x20;UI&#x27;,&#x20;Roboto,&#x20;Oxygen-Sans,&#x20;Cantarell,&#x20;&#x27;Helvetica&#x20;Neue&#x27;,&#x20;sans-serif; line-height: 24px; margin:0 auto; max-width:1000px; background-color:rgb(255, 255, 255);box-shadow: 0px 0px 5px 1px rgba(0,0,0,0.75);">

<a name="reportTop"></a>

<table style="width:100%; background-color: &#x23;3450A3; color: &#x23;fff; padding:10px 0; margin: 0 0 25px 0; height:64px;">
    <tr>
        <td>
            <a style="color:&#x23;212121;font-family:-apple-system,&#x20;BlinkMacSystemFont,&#x20;&#x27;Segoe&#x20;UI&#x27;,&#x20;Roboto,&#x20;Oxygen-Sans,&#x20;Cantarell,&#x20;&#x27;Helvetica&#x20;Neue&#x27;,&#x20;sans-serif;; font-size:16px;padding:0 15px;color: &#x23;fff;height: 22px;display: inline-block;vertical-align: inherit;" rel="noreferrer noopener" target="_blank" href="http://example.com/piwik/tests/PHPUnit/proxy/" style="lineheight:17px">
                                    <img src="http://example.com/piwik/tests/PHPUnit/proxy//plugins/Morpheus/images/logo-email.png" height="20px" width="auto" alt="Matomo,&#x20;free&#x2F;libre&#x20;analytics&#x20;platform" />
                            </a>
        </td>
        <td align="right">
                        <a style="color:&#x23;212121;font-family:-apple-system,&#x20;BlinkMacSystemFont,&#x20;&#x27;Segoe&#x20;UI&#x27;,&#x20;Roboto,&#x20;Oxygen-Sans,&#x20;Cantarell,&#x20;&#x27;Helvetica&#x20;Neue&#x27;,&#x20;sans-serif;; font-size:16px; padding:0 15px; color: &#x23;fff" title="View Web Analytics reports for Site 1." target="_blank" href="http://example.com/piwik/tests/PHPUnit/proxy/index.php?module=CoreHome&action=index&idSite=1&period=day&date=today-date-removed-in-tests">
                Dashboard
            </a>
                    </td>
    </tr>
</table>

<div style="margin:0 20px;">

    <h2 style='color:#212121;font-family:-apple-system, BlinkMacSystemFont, &#039;Segoe UI&#039;, Roboto, Oxygen-Sans, Cantarell, &#039;Helvetica Neue&#039;, sans-serif; color:#37474f; line-height:30px; margin:25px 0 15px 0;'>
        Hello,
    </h2>

    <p style='font-size:15px;line-height:24px;margin:0 0 16px;color:#212121;font-family:-apple-system, BlinkMacSystemFont, &#039;Segoe UI&#039;, Roboto, Oxygen-Sans, Cantarell, &#039;Helvetica Neue&#039;, sans-serif;'>
                Please find below your day report for Site 1.
                <br />Mail Test report (previous10)
        <br />Date range: January 2010
        <br />Sent from http://example.com/piwik/tests/PHPUnit/proxy/.
    </p>

    
    
<h2 id="Actions_getPageTitles" style=" color:#0d0d0d;font-family:-apple-system, BlinkMacSystemFont, &#039;Segoe UI&#039;, Roboto, Oxygen-Sans, Cantarell, &#039;Helvetica Neue&#039;, sans-serif; font-size: 24pt; font-weight:normal; margin:45px 0 30px 0;">
    Page titles
</h2>

            <img alt=""
                                    src="data:image/png;base64,iVBORw0KGgoAAAANSUhEUgAAArwAAADICAIAAACF9KXqAAAgAElEQVR4nO3dfXAb550f8AfA4h3gC0CQBEhQJCFSL9QLJer9XZYsy++JE5epL3UunmvSXm6auI5TJ71k0JmLb5qbjiep75LmUmfizKSj9iaOnebi68RN3NykTmNnfPad7egMSTnZJCUKFMU3EMAu0D+WWa72DYt9X+j7GU8CLnaf5/csVtjf/vYFnnq9Tn4nl8txrwuFgsJEAAAAuNVQ3KtcLsfPCdg/JSdaGiAAAAA4g5d7hWwAAAAAFHgbzwIAAADAPz3B1/A0xPvvv8//88qVK729vUbGJVKr1UqlUjQaNbUXa1QqlXq9HgwG7Q7EACsrK4FAgKKkNyQXqdfrS0tL8Xjc7kAMUK1WaZoOh8N2B2KAUqlEUZTf77c7EAMsLi7GYjGPx2N3IHrRNF2pVCKRiN2BGKBcLns8nkAgYHcgBlheXg6Hw16vubUAYeu5XM6ZFy7UarVKpWJ3FMaoVqvVatXuKIxRqVQYhrE7CgPU6/WW2cDY73S7ozBGpVKhadruKIzBHi3YHYUBGIZpmQ2sxb6Na7Wa2b3cdICoPl3o6+tT+NMMpVKpWq1mMhmzO7LA7OwsTdPpdNruQAxQqVSSyWQLHKDTNL2ystIaG9jc3Nzy8nJrjIVhmGg0mkgk7A7EAEtLS729vS1QlltcXCwWi62xgU1PT1MUlUql7A7EAKVSKZVKmV1iXK80OLPAAAAAAA4hrDTw/ywUCuxdl/wp5oXy9/84q/BuuVK+dm2pVFOaxy3mb8wzDFNccv0BByFk5sri1QVPJLxqdyB6MQwzNb1c8TTYwLaNtMIRCQCANuv7LbmEAOUHAAAAILjlEgAAAFRC0iB0/9kDdoegxOHhtQasZAAASUgadFHYu5ix47n/7IHnX3xFoXHlTk3dF95/9gD/P/M6EvdreJvPv/gK8gYAADEkDbqwu3Dlt4za/XAZg2Y6F1fTPvefZTtdkwaFvAEAQAxJA5gCO10AgNbjuLv++Hsa/kHkP7vvuHgif37+dPFE9jBdrvGGuzfxUT7XoPh8ATeF61EQz8cmzyqEJ3no3FSZQW6w/EYEQ+aPRbJTyfWsnso1r9Bdw4+g4VKSr/kBPP2tvxIEo7+6AwDQSpyVNAi+o/nf7P/9hZevXSv2ZTJqdgMN9xly8xNNZxPkWiZSO577zx74zrkXGYZJJpIK4emkEJLkn+pb0xBns2teW3caluLPxjDMA3cfRooAAKDA0acnJHct/MN3wXSFmYm+I3jBgbvyUgpvNRueZupjaEghZpVLNbXm5bpT/ggaBimuvogJKg0AACBgVqXhgUefUz/z95/6IPtCrkTv8LPjymcWWoDK9S93DkJ9CxpmVl5K+bRLy39wAADGcsTpiXw+n8/n2df8M838Q9VypcyenrApxvXdj+QhsmTYLUPliORma/ZsiFw7aj6CZvE/OFQaAACUmZU0fP+pD+bz+aGhITUzX7wonCJ5rsH5XBq2qZywNsSlBYHnX3wF1zQAADRk4jUN+Xz+Y+pwZQaFCjN/itxJbsmJyrsByUaUZxY3qL6c3mx4KttpqjWVQ+ZfbCG5/rWRa1ZldwplBrmlFGoSDj/tBQDgNI44PcERfPUL7kFQnq48UWWnKq/yUxm2ZPvaLn4U7yzFoTbbmuC1eBRyq6WpREdls/q707CUYBHB6Qkn1EgAABzFU6/X7Y5hjYqfxrbzmgYDsT+NnUwkm1rKvH2YnpZnrsy0tbVFwhF7w9CPYZip6elsf79yPK74aey5ubnl5eVsNmt3IAa4fPlyNBpNJBJ2B2KA8+fPDw8PU5SzDtU0WFxcLBaLg4ODdgdigOnpaYqiUikX/LtuqFAoZDKZcDhsai+OvuUS+LRVQZzMkDM1JnFaPAAATuD6nPeWIndG36XMe0yFTq20kgEADOSgpEG58FsqlaZC5VyuFYpIs7OEpul0WstYCoWC4fHoaTPmX04mE/F43PqujUXTdNi7MDqSIk6KCgDAUXB6AgAAAFRxUKWBfu9lhXdr5bL/WpEOvmdZPObxzs/7GIZmmrsQ0pmoazOk0kbfMOBCSMNR/cftDgEAoKWg0gAAAACqIGkAAAAAVVyTNOw486/1N7Lp+CP6G3Fsd7cmrGQAAMs4NGnYdPwR7j+7Y9Fo0/FHfvPyM0R+r6Y8NFMHzl+9Vq5hM/r6zcvPuHcjAQBwFwddCMnhdreSfzpBw5D0x2z2kG1Zwyb1wuYNTttIAABaj+MqDeJvf+wMzIaDdQAAUMNZlQY1R/Dca8GxsniiwnRxX+I5xcGwU9g51besjN8mv0F+I4I9uuSBteT82vKthitZ8Nb4nX8kmKKw6hSCFLwrfi0XGEGxAQDAEs5KGpSdfOiPJYvqDXc2RCpFkPuz4b7H8P2T+tiIissCmhqL+mDkwjg++YXXf/x0OBJpqjsNQTr/pBUAQMtz3OkJBT/93p+IJwp2HvxKgGC63CJyLVhGYefX7K5R21j4S0l2JxfGpuOPvHzuSXF3gn6bXeHi6osYMgYAAOuZVWlY/GpI/czxT6/q6aupfXzLH6GqXBsKpf6m1ufxyS+on1m5C+XTLvyMREOPAAAt7IFHn3vk7sFMJmN2R444PZHP5/P5vObFm9qLtPzJb5VDk5ut2bMhL597sr2tjT09IWhffB1Ds0FKLoXUAQBA7JkfXZpf9X30nh2m9mJW0hD/9Go+nx8aGlI19/WL7P9bs0dv+bxBMyesFnFpQUDyGgsAgFvWA48+x77oTZr+M0AmVhq0FQ/Ee3Tl3YPc/OJr9cXn0fk7p4bX5Wm+0EEyRzn4wONq9nlydxzIxdbs2lMm16xg+us/flqyO4Uyg1yQ4kRBz0WdAAC3jq2D8cPjfWb34ojTEwKStyBqmJ8/XXnXJTmnuFnBzlJNy5JNEUL+7/f/THlQyv2qjE0yPJV9KTTLf/3yuSe5Wy7Vd6chSOVFkFIAwK2JKzMc3tllQXeeer1uQTdqKP80drlcLl4rZvpMv8rDEMr7sBvz8wzDJJJafhrbIXtHLoyZmRnJaxrsioevqZ/Gpmn6woULo6OjhsZlj7m5ueXl5Ww2a3cgBrh8+XI0Gk0kEnYHYoDz588PDw9TlBMP1ZqyuLhYLBYHBwftDsQA09PTFEWlUim7A9GOTRoO7sg8cKwrk8mEw2FTu3PTLZcuYv19m2ZTuIXSdk6LBwDAGlyZ4fTBQWt6dH3O61gtdrml8hkZG7XSSgYA0ODweGYs13X5n5Ys6MtBSYNyMblaKlXJFNWfsywe/QqFguT0WnCWoWkqnTawTQtIdk3Tl0gyScXj1sfDsnGFAADYaP1qhl3ZgN9nTac4PQEAAOBWmwYTu7f0WNadgyoNi69OKbxbLperxeuL15XmcYvV+XmGYRbfd8olqHpUZ+ZW2mgSWbQ7EL0YhqGnry8u6N3A4nvcca0uALgaV2a453jOsjIDQaUBAADApTYNJg6P91vZI5IGAAAAN1kvMxyz+jo/FyQN45NHxyeP7n/4tN2BuMP45FG7Q2h9WMkAYLsdI6mDO01/BKSA05OG8cmjr5/7+evnfv7LZ39y96OTdodjJDN2POzqUmhcuVNT94Vs8sf9Z15H4n4Nb/P1cz9H3gAAtuDKDLft3+D1eizu3elJA9+Pnjqnfmbnf6eze3cDcRmDZoaHJG6f+8+yD8ikQSFvAAAb7d+e3jPWa32/bkoaoJVgpwsA0CyuzLB3LB0J+a0PwEG3XIqxOxX2f9nTE+yehtvfiEvx/CncdMGxJr8FyXcFrYmn89+Sa0fQHX/KiU/e+9Jf/IA/XdyI4F3J18q9KBCsAcJbb+KQuBnEXYxPHn3xq/9DbghN0b/aJcMThK281L2PPSSeLhcYkVknAABm2zyYOLDTnru7HZ008L+Uy+UyN11hJ8pdA6H8ba5yl8zfc0juydTszhsypBE9nar5U31rGoZgzWrXsJTyagEAsBJXZjiyu9+WMgNx6ekJhS9uld/p/NkUqg4slQf3cvV2wfTxyaM/+y8/VN+IuCpgCJUZlRqHPn6HmvWg0Ishq128nhX29+IgJx468cP/9D3lyJExAIDtepKRs4eH7erdrErDa3u+qX7miVc/obkjwakK/ZraPRuyL1dINSTr7fp7NJzK9aBQ6rdgtWtYz4ZvXQAA2nBlhg+cHLH+pgmOI05P5PP5fD6veXH+uWedX+7NluXVFzb459fn5+c1NOJkGgo8fEatdsF61hak5FJIHQDACTYNdp7ct8HGAMxKGiZe/UQ+nx8aGlI190UDepQ8C94UBx7Hiw95W48TVvv45NHXvvezqekphXNMxBmhAsAtiCszHN1t3Q9aSjKx0qCneKCe/u9xhXPn7AuFK/DVXyincPgr14h4B6Z+pHrObsiNV4Cb/otv/42BFwzqXO3GrmdkCQDgHHvHeg+NW/0ISAFHnJ7QQ/CNL9h5CCZyGi4ibqHha8mO9AxBQyPK1/o1m3MIXqtcP80OwbLVrmEp5UWQUgCABbgyw/aR7o54yN5gPPW6U36gueFPY18rFvsyBtyZal5xQqX5+XmGYZLJpJ4YxMzbhym0PDMz09bWFolEzOhXfRj6MQwzNT2V7c/qjMcJP409Nze3vLyczTYxFse6fPlyNBpNJBJ2B2KA8+fPDw8PU5TrD9UWFxeLxeLg4KDdgRhgenqaoqhUKmV3IErYpGHrcPKzv79PIWkoFAqZTCYcDpsajCtvubSewr18ztF61z04ebU7LR4AaElcmWF8S4/tZQbSAqcnrKF8ssM55M7ou5RjV3srrWQAcL6A33uv5b+CLclBSYNyXZcqlW5M1eI5A2q/hULBsqUkrc76aZqOp9NGNchnYJxq2ixeqkSSyXg8bninDbs2Fk3T1IVSfFTVBmZZVABwK+PKDA/evjkYcMT+GqcnAAAAnGu4v/3sYXXPLzCfIzIX1tSriwrvlsvl68Xq1HWledxifn6VYZj6+60wlrmZKt22smjFdZDmYhjm+jQ9tdAKH8rCYmm1VPFdkR1LZo9ZlSEAMApXZti3LR2NBOwNhoNKAwAAgEPt3txj7yMgBZA0AAAAOAtXZhjZ0JnqdFAtF0lDizs6Oa5mHvY/yzo1sC+Qg5UM4HZjueTJvQN2R3ETZyUN3N7L2H2YQndNTW9JRyfHf37udfY/awbO9ki0rn9Tg7R4C+T3a3ibln2gAGAsrsyweSjZnYzaG4yAgy6EZLG7Exa3dzGPBV0YzryYLVgV+oM3O0iLt0Bxp8Y268YtHAAIIbGI/97jG+2OQshZlQYBCw6VcDQGCrB5AIBdjuzqb4sF7Y5CyHGVBgWTj97NvRYcDvJn497ipisfaSkfjfEb57fM350Iiu2SsSm0L9gzKS/OTlFutmHZX7I1bj00G5Jyp4J51B/1yoXBb0T80Yu7kJxf28F3w3UieEtyhUuGpxyk4F3xa7nACIoNAG7DnpvI9sY/fPsmu2OR4Jqk4fTD+8899aNMZu1XQflfl5Jf33Lfs00RNy733U2kvuJVxiDXi+TiDfcBTa0QudaaCkmhU50U1r+GTnVuEmrWCWm0wpvqReVS4gB+9K3/o6YvAHCsnaPdiXZzf3pKG0efnuB/G/7k2V8qz6AwvWGRWW4Gha9s8fGc5hgMGYLkUppba6qROz5+yPprLJrd6+tfn2rWScPuBP0qp0HiIMXVFzEUFQDciy0zjG9KnTnklEdACphVafjmntfUz/yJVye41wqFVv7piYaaPdhVOOZuqh2jljWcIcE4akTNUhm8whbY1PC1rSu55FXhtAs/I9HQIwA4Tba3rb/HoY9tdcTpiXw+n8/n2ddyX3zi0xPKbWr4AhV/NeusujvqS9yQYMSNzMzM6G/WGirXgPqzSNraEVw7oi1IyaWQOgC4Gltm2LYxefrAoN2xyDIrafjEqxP5fH5oSF2B5WKD949Ojv/k2V8Wi9f0B6YeLh8DjhM2BnFpQYBLHXBNA4B7bci0Z3vb7I5ClonXNOTz+Y+pw5UZVOJfXi44Qyw5naguEiicMNZ2vkNzC8onv9UvZUgwyo38zbd/IdmphgaJ7pGKW5Pry5ATT9pWuEKZQW4phZqEq88ZAQCLLTP0JCJnD+fsjkWJI05PNCT4MuX/qeY1aaZmK3fNmspL55TD1ry43PVxyjseQ1aIXOPsn+zpCYWOxIsrX+un4ZMi6j41PWvAsi1Qw1LiRRYWF7g/nVAjAQCVNg8n013OegSkgKder9sdw5qGP41dLF7jrmmQ44qvyPn5eYZhksmk3YEYYGZmpq2tLRJR+3sq5n1AOltmGGZqeirbn7U3DEMsLC6slla7u7vl4nHRT2Nfvnw5Go0mEgm7AzHA+fPnh4eHKcodh2oKFhcXi8Xi4OCg3YEYYHp6mqKoVCplbxhrZYZk5IlHDmzItGtrpFAoZDKZcNjcGzUdfculGhpq+GAjDQUbh3PyFui0eABAwebBpOaMwTKuz3mVa/XgQHJn9F3KsVtgK61kgBbGlhl2jqbuPuboqxlYwqQhl8sRQgqFgmAKiz/dcMol01KJqk3dyOQk5jE1KjP4Z1dpmk6nXVMiVlC5VEwmI/F4c2Mx4yPT2SZN06ULVGZUy4fitC0wNFddXq45LSoAUJDoCG8c6LQ7isZuShpyuVyhUOBnCewUuT8BAABAM7bMsGM0ddapj4AUuOmaBiQEAAAAFkt1hEc2uONqX9dfCAkAAOBGbJlhuL/9dpeUGYjmCyFv3LjB/3NpaamtzdwnWFUqFZqmFxeVbst0i9XVVYZhWmMs1Wp1ZWXF7igMQNN0K21glUqlNcZSqVR8Pl9rjIXdwFrglsuVlZVqtdoaH0q5XLb9H36qI9jdbsBGTtP0ysoKTdOGRCVH4+Y7NTXF//PixYv8KyHMUKvVyuWyoF+XqlQq9Xq9XC7bHYgB2P1TC3wP1mq1SqXSGhtYtVqt1WqtMZZyuVwqlVpj/1SpVGZmZrxe19d32Qy7ZTYwj8djy5HP57/xFiGkq92/fSh85YoBP+JTKpWuXr1q9gam8bt+y5YtCn+aoVQqTU1NmZ2aWGN2dpam6XQ6bXcgBrh06VIymWz27gkHomn6woULo6OjdgdigLm5ueXl5WxW74OqnAAPd3IgPNzJIG8RQvp7O8+e2OX1evQ3h4c7AQAAtCD2aobtG7seODVqSMZgGeEtl/wXhUJBcAcmbq8AAAAwRChEbRux+QnWzbopaZDMCZAoAAAAGIV7NsNdR9x3wh2nJwAAAKwWC/t3buq2O4qmIWkAAACwCFtm2DqcuG3fBrtj0QJJAwAAgKXa40HXXc3AQtIAAABgBbbMsHGg89jugYDfZ3c4WiBpAAAAsE6tVtu1pcfuKDRy/WNGAAAAnI8tM2wZTtx7fMSlZQaCSgMAAIB16p4DOzJ2B6EdKg0AAADmYssMuzb3nNrvypsmOKg0AAAAWKO+f7u7f3UISQMAAICJuEdAHtuT9fncvdt1d/QAAACuEApSe8fcXWYgSBoAAADMU6VrhJCxXHL/tnQk5Depl8WvhiLnv25S43xIGgAAAMwy+fjzhJByhdlv2k0Ti18NEUJi55+uFZ4zqQsOkgYAAABTVKoM++LE3gGTygxsxkAIocN9JJY1ows+3HIJAABgio987gVCSKY7dtdRU34Fm8sYvMP3LfQ93N2zx4xe+JA0AAAAmOje4xvNaJbLGEiwM3QoT88HzehFAKcnAAAAjMfeaTmWS57YY/xZg/Uaw+CdkQdf8iW3Gt6FJCQNAAAAZjk03h8MGFzUX88YUuOh/V+wLGMgSBoAAAAMx5YZ9o71Htxp8E0T62cluieCt/25r3evse0rwzUNAAAARqrV6uyLHaOpjnhIeeamrNcYNtwR3Ps5qnfCwMbVQNIAAABgpA8/9gNCyOhA5+Fd/QY2u15joGLBfV+gMvsNbFwlnJ4AAAAwDMPU2Bd7xnoNLDPcdOXjB39oS8ZAkDQAAAAY6MHPPk8ICQd9950cMarN9RpDfENw4jO+zEGjWm4WTk8AAAAY7IHTmwJ+nyFNcRmDJ304uO/fUf3HDWlWGyQNAAAAxmBvmhjd0Hnm4JAhDa5nDH0nQhOfpgbPGNKsZjg9AQAAYKSJrb3xaEB/O+tnJWLZ4Pi/oobu1N+mTqg0AAAAGIAtM0xs6Tmxd0B/a1zG4Bs8G9j+L6nhu/W3qR8qDQAAAIYZ2dCZ6ozobGS9xhDp8Y894pCMgaDSAAAAoB9bZtg81Hly3wadTa3XGLK3+bc+TOXu0RuccZA0AAAA6MI9AnLLcJf+MgPL073Pv+0R/+iHDWnNKDg9AQAAoAv7CMiA33vfCV3PZqjX6LUyQ2JrYOxfOC1jIKg0AAAAGOL0/sF4RNdNE0v/OUYI8W0449/0Ef+WhwyKy0ioNAAAAGjHXs0w1Nf+gVOjXq9HcztrNYaOUWr4HmdmDASVBgAAAP3Gcl1dHWHNi7MZg2/DGWroHv+2R4yLy2BIGgAAADRiywy7NnefOaT9EZBrNYaunVTuvsD2PzAqNjMgaQAAANAl29vW3xPXsGC9Xlv6WoQQ4u3dTw3f5eQaAwtJAwAAgBZsmWHrcPL0gUFtLaxlDNnb/MP3BMb/0MDYTIILIQEAALQbzLRrKzOwZyU83RNU32FXZAwElQYAAAAN2DJDqjN019FhDYv/7srHO3yZg4GJf2twcKZB0gAAAKDR5sFkb1es2aXWrnzsPeRL7wvue8L4sEyDpAEAAKA5bJmhvyf2oTObmn02w1qNof+4t2ciMPGYKfGZBkkDAACAFiMDiYHe9qYWYTMGb/qwr+9I8MAXzYnLREgaAAAAmsCWGcY3pe480tzVDGs1hr5j3tSOwL7PmxKcyZA0AAAANC3RHtk40Kl+/rWMYfAOb3Jb8MAXPV5X7n9dGTQAAIAt2DLDtlzX2cNNPAJy7e7K/lPe9lzoyJfNCs58SBoAAACa093VRJlh7TqGgdPe9sHgwbyJYZkPSQMAAIAqlSpDCBnqazuj+hGQaxlD9qS3fTh829fMi80aeCIkAACAKh/53AuEkN6uWC6rqsyw9jwGQrztudCRJ02MzCqoNAAAADS2sFQmhPQmI2cPDft8jQ+5uYyB2vqx0LGvePwRc+OzBJIGAACAxn7/i39NCEmnYmMbuxrOzGUMvs0PhU79uUvvlRBrkWEAAACYhy0z7BhJffC20YaPgFyvMYw8GDz2lZbJGAiSBgAAgIbYMkMoRG0bSSnPycsYPhS+67umR2YtXAgJAACgpErXCCHbR7ruavQIyPWMYfNDwRNPmR6Z5VBpAAAAUDL5+POEkHg0uGO0W2G29esYhu4KnfyaJ9D0r186HyoNAAAADWwZSpzcm1WYYT1j2DQZvuOZlswYCJIGAAAABexzo9vjwW0bZa9mWH8ew8Dp0JE/9QQ7LArOcjg9AQAAIK1UpgkhuWzH8YmBYEB6j8nLGE5F7v9BK90rIYZKAwAAgLTfe+KHhJAaU9u9tVdyhvWzErn7wqe+3toZA0GlAQAAQBJbZtg20nX3kZyfkjjG5jIGT/pA+PZveYJtlsZnB1QaAAAAJPyuzFDfvyMjfne9xjDyYOTss7dCxkBQaQAAAJAzvil1av+gePp6jaFrZ+jIl71tA5aGZR8kDQAAAELsTRM+r3ffdmGZYf3Kx8E7w2f+0htu/FMULQNJAwAAgIQdo11HJ7KCqxnWz0pkTwaP/uktlTEQXNMAAAAgwJYZQn7/nrGbbpqorVxde5XYErrzu77EZutjE1t688r0M7+en3ypXmXM7guVBgAAgHWVKkMIGRtO7tuRjoT83PQ6U1n+ywFCiDf3gdDBL9lYY6jX6stvzS7/3cx7T73Cn176zVxkr7lPokTSAAAAsO4jn3uBELK8Wj24s4+bWK8sLX29ixBCYtnwkT/xdmy0OKo6XVspzC29PvPen/2CPz12oM8X8UeGE/PRcnDA9Ds4kDQAAACsYcsMW4eTRyay4eDaLrJeXlj6RjchxDt8d/jof7QsY6jTtdKl68tvXPmnJ/+WPz2+P+P1U+GNiciWruiOnkAqSggpFQq+tqDZISFpAAAAWMOWGRaWK2cPDXET2YzBk9oZOvAlszOGWpUpv7+4/OaV3/6Hl/nTIzt7vJQ3srkrOtYd3d4dTMdNDUMOkgYAAIB1u7d07922dptlvTy/9I1eQgjp2Rs+8y1fYpMZPdbpWnl6cenNK7/90s/404O5To/PExvrju7sjY/3Bvvtf34UkgYAAABCfnfTRJWpH5tY+xVsNmPwbjgbOvDvjc0Y6nStMru89PrMpS/+lD/dn47Vq0zbvr7Y7kx8Ih3KthvYqX5IGgAAANbs3tw9MZYOB6l6dWXpLxKEEOJvCx35sq9rTH/j9Vq9em1l8dfTl/74f/Onh0cThHjCI4no9u747nRosNPj9ejvzgxIGgAAALhHQHoO7szUazSbMXiH7gnt/7zOjKE6V1r89dTFJ17iT4zu7PH4faH+tsiWrujOntCGDq/fp6eXlybnf++naT0tqIGkAQAAbnW1Wp0QsmM0tW20uyMeWnvsY2wgtPdxX8+Ehgarc6WlN69ceOx/8SfG9mY8fm+wNxbe1BXb1h0a7PAGm94Lf3PPa3JvleaqUZOvj0TSAAAAt7oPP/YDQsjSSuX4ziSbMXgyx0KH8r70fvWNVK+XVv5h9t3PvMifGD/QR7zeQCoSHknGdnSHBjt9Eb9cC3yl69Xv3v6G5Fvd26O+gMfjJUy1Tq8y5QVm+VqV1En5Rk19tNogaQAAgFsaw9QIIds2dm0fSXm+kyaEePuOB/c/QfUdargsfWN15Z1r//ipv+ZPbDvQX6sygZ5YeDQR294THkkqJAqrN+hnT/2d3LuZfTGPx1Nj6ky5Vl6kl2er/rCP1Em4k4r1BmMZf7w3EO8LtvWHfvvexUQm1MSwNUHSAAAAt7QHP/s8IeTy+1cfp28nhJD4hgXMnwcAAAcCSURBVOC+J6jsSbn56cVy6Xzx/Cf/J39ibE+aWaoEM22RzV3RnT3RTV2+WIA/Q2WJWbpS/qvJtyXb7DsQ93hJnakz1XpluVa+UfX6vNHuQLjTH+0OxNKBWE8glva3ZUL+iNfGyyQbJw25XI57XSgUzAwGAADABru29HymdBshxDt4V3DXp6gBYcbArFRXzhfP/8EL/InRHT2Vq8uhgbbYeG9sZ290rNsXC1RLzPLVyn898aZcX/2H2+q1eo2uM+VaZYHx+Ei40x/u8EdS/miPP9YTiKUD8XQgGKcceA9Fg6Qhl8vxEwXBnwAAAK72ySf/lhDCZgzEHw/s+iNq4Db2rVqZXjlf/M3Hn+fPH9mWWnl3LjzYGd2d8Q1317s7f/xvLpD/Rwi5QsgV/pwDR9rqdVJj6ky5Xi0xhJBwhz+coMJJfyTlj/UEYj3+aG8g3OH3Uo5LDuTg9AQAANy6vIT59uBHCSHe7KnA+B/6+o4vvzX7zsPPcTPUiMc/ll6aqb5VHCCEkL8nhAyQdwh5hxBynZDrhJAsmx9Ua/RqrV4joTYq2EGFE1Q05Y90+WM9gWhPINLl9/m9tozRQEgaAADgFvWpr7zyncGPEkJW6icuP3l/lVypkP9WIYGL5ObbLP9h7f8HjrQRQmo0Yaq1OlP3R3yhDoorHkRTgVhvINLlp4KuTw7keOr1usLbzjk9oXBnKgAAgLF6N/t88WCt7q3XiD/kDbb7Qh3+cJJiKwexnkAk5feHdT2OyViFQiGTyYTDYVN70Vhp+NWvfsX/85133tm6dasR8QAAAFiHIiuR4GqN8hO/3xv1+rp8VKfX3+7xtzP+jpVAggQ6ie93dzLWCFkiZIkQMkvIrJ1hi7377rvZbDYYNPfXsTUmDXv37lX40wzUYy+//fRCrHfJ7I4ssDDV4fEwbQMLdgdigGIhHWmfDSdouwPRi16pF2c2pPov2x2IAZautNXqvo6BObsDMcDcpe5QZCHSvWp3IAa4emGgs/s9X6DxnA63UgxVyrHEhqt2B2KApSvRYHRh+ydPd2xtj6UDwbiLT9kHAoGNGzc6tNJgvdEP7PNue3f79u12B2KA6elpmqaz2azdgRjg7bffzmR2t7c763fYNKhWq2+88cbExD+3OxADFIvF+fl5/s3S7lUoFDo6OpLJpN2BGOC1117bseNDfr+qpwE62Y0bN6amprZsOW13IAa4fPkyRVHptOk/2dAyGiQNhUIBz2kAAAAAoqbSgEQBAAAACCEte1sIAAAAGKvBLZcAAAAALIsuhNT5gAfJ6yp0TtQQgOCRFTpbUxOkScPh2tF57skhA1HJFQ9BNypIez8aAz9ZJ2xj6htR+Pic8IkY9dAdJ4xFTwtyrbn327ip2OR2Z+I5pdXNNzw8zP2v5sWVW2t2ooYYxO1obkr8p8XD0b+sXCS2DERlI5LvDvMYNVFn/PqbsvejMW8TtevfvvpG5N61fSCS32DNNiK5oC1j0dmCclOu+zZuKjbxu82Owp5bLtmsistu2NSGmyjIdBxydMiPTRC/5EC4t5w5HD7J535KfkZ8DhxIsxQGrnmiBRGSRgdbjvpoFI57nL+NSf77lfwUuIFI1iBtHwi5OXI+uc+Fe9eBY+FT+ETYFwqH0U4bC0tuz8ifyNfUKPQP2bbnNEhul64oIIsp/ANzNeXvDidTuTt30Yj4xKOzMRiVFLKf1tjGiPxe2cmc80MB+qnJ7F1Bec9o+4hMv3uCG2FBxSMfGq4L29eXGvxjDs1nQJ1AfWwOH4gryP1LMapZy7DxcxrOrLLZltnGbByIyk2rZb7BmuLksTjqn4lrnggpWfRTw8CvYK4pQRga2nfCcAzRSgNx7FeGNjZ+NGpOqajXStsYsXsgRh18O2EsYtpadtpYLB5Fs6xIGvSvVp1buam1XEHhqNlFNHBOabo1BuKcrwznFBjM+Gi0xePAgWjTMgMhDh6LhqicNhYNOxSiexRNMTdpEI9Ew9gMXB36m1K5uEI676jhSLZpfe82HuU75CtDzb8UyfblJtr40ahZRGWztm9j4n/I2tqxfSB8apJdF32D6YnTaWNxRdd2XgjJvVbz0fL/LBQKkldIyF02wU00Y81qONx02nAKN1+a21TeIGjHOZ+LXJCCtxz+lSH50aj5vGz8aLR1JNeX7duYXMvKYYi7s30gkuS6U2b7WDR8InI92j4WAQ07FKJ6FPw5uQ212W3AnidC2piUWcb5Y3R+hM2SrOxxx0xqjt0LorPvyrs3a/IeZe79HN0bOYCxXPRvwTUXQrqLi7aAVsVf/9yxgsI8Daern2gBDUeHAAD64bcnbkWaL/1zOORqAOAurvs2RtIArcB1//AAANwISQMAAACoYvoTIQEAAKA1IGkAAAAAVf4/CaOT3pxvPlIAAAAASUVORK5CYII="
                                height="200"
                width="700"
                margin="0 auto"/>
    
    
        <p style="width: 100%; text-align:center;">
      <a style="color:#0d0d0d;font-family:-apple-system, BlinkMacSystemFont, &#039;Segoe UI&#039;, Roboto, Oxygen-Sans, Cantarell, &#039;Helvetica Neue&#039;, sans-serif;; text-decoration:none; font-size: 9pt;" href="#reportTop">
          Back to top &#8593;
    </a></p>

    <hr style=" border: 0; margin-top: 50px;  height: 1px; background-image: linear-gradient(to right, rgba(231, 231, 231, 0), rgba(231, 231, 231, 1), rgba(2311, 2311, 231, 0));">

    <p style='font-size:15px;line-height:24px;margin:0 0 16px;color:&#x23;212121;font-family:-apple-system,&#x20;BlinkMacSystemFont,&#x20;&#x27;Segoe&#x20;UI&#x27;,&#x20;Roboto,&#x20;Oxygen-Sans,&#x20;Cantarell,&#x20;&#x27;Helvetica&#x20;Neue&#x27;,&#x20;sans-serif;text-align:center;font-size:13px; color:#666;padding-top:30px;margin-bottom:0;'>
        Powered by
        <a style="color:#439fe0;" href="https://matomo.org/" title="Matomo Analytics">Matomo Analytics</a>
        <br />
        The leading open analytics platform that respects your privacy.
    </p>

        <p style='font-size:15px;line-height:24px;margin:0 0 16px;color:&#x23;212121;font-family:-apple-system,&#x20;BlinkMacSystemFont,&#x20;&#x27;Segoe&#x20;UI&#x27;,&#x20;Roboto,&#x20;Oxygen-Sans,&#x20;Cantarell,&#x20;&#x27;Helvetica&#x20;Neue&#x27;,&#x20;sans-serif;text-align:center;font-size:13px; color:#666;'>To unsubscribe from this report please follow this link: <a style="color:#439fe0;" href="__unsubscribeLink__">Unsubscribe</a>.</p>

</div>
</body>
</html>
